---
source: packages/graphql/tests/graphql_test.rs
expression: response
---
{
  "data": {
    "start": {
      "auction": {
        "id": "00000000-2000-0000-0000-000000000000",
        "startedAt": null
      }
    }
  }
}
