---
source: packages/graphql/tests/integrations_tests.rs
expression: response
---
{
  "data": {
    "start": {
      "auction": {
        "id": "[uuid]",
        "startedAt": null
      }
    }
  }
}
